adr new First Decision
doc/adr/0001-first-decision.md
adr new Second Decision
doc/adr/0002-second-decision.md
adr link 2 Amends 1 "Amended by"
adr new Third Decision
doc/adr/0003-third-decision.md
adr generate toc -s
# Architecture Decision Records

* [1. First Decision](0001-first-decision.md): Accepted
* [2. Second Decision](0002-second-decision.md): Accepted
* [3. Third Decision](0003-third-decision.md): Accepted
